Archive member included to satisfy reference by file (symbol)

/mnt/Projects/tpalit/glibc/glibc-build/elf/rtld-libc.a(rtld-check_fds.os)
                              /mnt/Projects/tpalit/glibc/glibc-build/elf/dl-allobjs.os (__libc_check_standard_fds)
/mnt/Projects/tpalit/glibc/glibc-build/elf/rtld-libc.a(rtld-errno.os)
                              /mnt/Projects/tpalit/glibc/glibc-build/elf/dl-allobjs.os (rtld_errno)
/mnt/Projects/tpalit/glibc/glibc-build/elf/rtld-libc.a(rtld-closedir.os)
                              /mnt/Projects/tpalit/glibc/glibc-build/elf/dl-allobjs.os (__closedir)
/mnt/Projects/tpalit/glibc/glibc-build/elf/rtld-libc.a(rtld-readdir.os)
                              /mnt/Projects/tpalit/glibc/glibc-build/elf/dl-allobjs.os (__readdir)
/mnt/Projects/tpalit/glibc/glibc-build/elf/rtld-libc.a(rtld-rewinddir.os)
                              /mnt/Projects/tpalit/glibc/glibc-build/elf/dl-allobjs.os (__rewinddir)
/mnt/Projects/tpalit/glibc/glibc-build/elf/rtld-libc.a(rtld-getdents.os)
                              /mnt/Projects/tpalit/glibc/glibc-build/elf/rtld-libc.a(rtld-readdir.os) (__getdents)
/mnt/Projects/tpalit/glibc/glibc-build/elf/rtld-libc.a(rtld-fdopendir.os)
                              /mnt/Projects/tpalit/glibc/glibc-build/elf/dl-allobjs.os (__fdopendir)
/mnt/Projects/tpalit/glibc/glibc-build/elf/rtld-libc.a(rtld-profil.os)
                              /mnt/Projects/tpalit/glibc/glibc-build/elf/dl-allobjs.os (__profil)
/mnt/Projects/tpalit/glibc/glibc-build/elf/rtld-libc.a(rtld-prof-freq.os)
                              /mnt/Projects/tpalit/glibc/glibc-build/elf/dl-allobjs.os (__profile_frequency)
/mnt/Projects/tpalit/glibc/glibc-build/elf/rtld-libc.a(rtld-xstat.os)
                              /mnt/Projects/tpalit/glibc/glibc-build/elf/dl-allobjs.os (__GI___xstat64)
/mnt/Projects/tpalit/glibc/glibc-build/elf/rtld-libc.a(rtld-fxstat.os)
                              /mnt/Projects/tpalit/glibc/glibc-build/elf/dl-allobjs.os (__GI___fxstat64)
/mnt/Projects/tpalit/glibc/glibc-build/elf/rtld-libc.a(rtld-lxstat.os)
                              /mnt/Projects/tpalit/glibc/glibc-build/elf/dl-allobjs.os (__GI___lxstat64)
/mnt/Projects/tpalit/glibc/glibc-build/elf/rtld-libc.a(rtld-open.os)
                              /mnt/Projects/tpalit/glibc/glibc-build/elf/dl-allobjs.os (__open)
/mnt/Projects/tpalit/glibc/glibc-build/elf/rtld-libc.a(rtld-read.os)
                              /mnt/Projects/tpalit/glibc/glibc-build/elf/dl-allobjs.os (__libc_read)
/mnt/Projects/tpalit/glibc/glibc-build/elf/rtld-libc.a(rtld-write.os)
                              /mnt/Projects/tpalit/glibc/glibc-build/elf/dl-allobjs.os (__libc_write)
/mnt/Projects/tpalit/glibc/glibc-build/elf/rtld-libc.a(rtld-access.os)
                              /mnt/Projects/tpalit/glibc/glibc-build/elf/dl-allobjs.os (__access)
/mnt/Projects/tpalit/glibc/glibc-build/elf/rtld-libc.a(rtld-fcntl.os)
                              /mnt/Projects/tpalit/glibc/glibc-build/elf/rtld-libc.a(rtld-check_fds.os) (__libc_fcntl)
/mnt/Projects/tpalit/glibc/glibc-build/elf/rtld-libc.a(rtld-close.os)
                              /mnt/Projects/tpalit/glibc/glibc-build/elf/dl-allobjs.os (__close)
/mnt/Projects/tpalit/glibc/glibc-build/elf/rtld-libc.a(rtld-mmap.os)
                              /mnt/Projects/tpalit/glibc/glibc-build/elf/dl-allobjs.os (__mmap)
/mnt/Projects/tpalit/glibc/glibc-build/elf/rtld-libc.a(rtld-munmap.os)
                              /mnt/Projects/tpalit/glibc/glibc-build/elf/dl-allobjs.os (__munmap)
/mnt/Projects/tpalit/glibc/glibc-build/elf/rtld-libc.a(rtld-mprotect.os)
                              /mnt/Projects/tpalit/glibc/glibc-build/elf/dl-allobjs.os (__mprotect)
/mnt/Projects/tpalit/glibc/glibc-build/elf/rtld-libc.a(rtld-llseek.os)
                              /mnt/Projects/tpalit/glibc/glibc-build/elf/dl-allobjs.os (__lseek)
/mnt/Projects/tpalit/glibc/glibc-build/elf/rtld-libc.a(rtld-uname.os)
                              /mnt/Projects/tpalit/glibc/glibc-build/elf/dl-allobjs.os (__uname)
/mnt/Projects/tpalit/glibc/glibc-build/elf/rtld-libc.a(rtld-_exit.os)
                              /mnt/Projects/tpalit/glibc/glibc-build/elf/dl-allobjs.os (__GI__exit)
/mnt/Projects/tpalit/glibc/glibc-build/elf/rtld-libc.a(rtld-getpid.os)
                              /mnt/Projects/tpalit/glibc/glibc-build/elf/dl-allobjs.os (__getpid)
/mnt/Projects/tpalit/glibc/glibc-build/elf/rtld-libc.a(rtld-environ.os)
                              /mnt/Projects/tpalit/glibc/glibc-build/elf/dl-allobjs.os (__environ)
/mnt/Projects/tpalit/glibc/glibc-build/elf/rtld-libc.a(rtld-setjmp.os)
                              /mnt/Projects/tpalit/glibc/glibc-build/elf/dl-allobjs.os (__sigsetjmp)
/mnt/Projects/tpalit/glibc/glibc-build/elf/rtld-libc.a(rtld-__longjmp.os)
                              /mnt/Projects/tpalit/glibc/glibc-build/elf/dl-allobjs.os (__longjmp)
/mnt/Projects/tpalit/glibc/glibc-build/elf/rtld-libc.a(rtld-sigaction.os)
                              /mnt/Projects/tpalit/glibc/glibc-build/elf/rtld-libc.a(rtld-profil.os) (__sigaction)
/mnt/Projects/tpalit/glibc/glibc-build/elf/rtld-libc.a(rtld-strchr.os)
                              /mnt/Projects/tpalit/glibc/glibc-build/elf/dl-allobjs.os (strchr)
/mnt/Projects/tpalit/glibc/glibc-build/elf/rtld-libc.a(rtld-strcmp.os)
                              /mnt/Projects/tpalit/glibc/glibc-build/elf/dl-allobjs.os (strcmp)
/mnt/Projects/tpalit/glibc/glibc-build/elf/rtld-libc.a(rtld-strdup.os)
                              /mnt/Projects/tpalit/glibc/glibc-build/elf/dl-allobjs.os (__strdup)
/mnt/Projects/tpalit/glibc/glibc-build/elf/rtld-libc.a(rtld-strlen.os)
                              /mnt/Projects/tpalit/glibc/glibc-build/elf/dl-allobjs.os (strlen)
/mnt/Projects/tpalit/glibc/glibc-build/elf/rtld-libc.a(rtld-strnlen.os)
                              /mnt/Projects/tpalit/glibc/glibc-build/elf/dl-allobjs.os (strnlen)
/mnt/Projects/tpalit/glibc/glibc-build/elf/rtld-libc.a(rtld-memchr.os)
                              /mnt/Projects/tpalit/glibc/glibc-build/elf/dl-allobjs.os (memchr)
/mnt/Projects/tpalit/glibc/glibc-build/elf/rtld-libc.a(rtld-memcmp.os)
                              /mnt/Projects/tpalit/glibc/glibc-build/elf/dl-allobjs.os (memcmp)
/mnt/Projects/tpalit/glibc/glibc-build/elf/rtld-libc.a(rtld-memmove.os)
                              /mnt/Projects/tpalit/glibc/glibc-build/elf/dl-allobjs.os (memmove)
/mnt/Projects/tpalit/glibc/glibc-build/elf/rtld-libc.a(rtld-memset.os)
                              /mnt/Projects/tpalit/glibc/glibc-build/elf/dl-allobjs.os (memset)
/mnt/Projects/tpalit/glibc/glibc-build/elf/rtld-libc.a(rtld-stpcpy.os)
                              /mnt/Projects/tpalit/glibc/glibc-build/elf/dl-allobjs.os (__stpcpy)
/mnt/Projects/tpalit/glibc/glibc-build/elf/rtld-libc.a(rtld-memcpy.os)
                              /mnt/Projects/tpalit/glibc/glibc-build/elf/dl-allobjs.os (memcpy)
/mnt/Projects/tpalit/glibc/glibc-build/elf/rtld-libc.a(rtld-wordcopy.os)
                              /mnt/Projects/tpalit/glibc/glibc-build/elf/rtld-libc.a(rtld-memmove.os) (_wordcopy_fwd_aligned)
/mnt/Projects/tpalit/glibc/glibc-build/elf/rtld-libc.a(rtld-rawmemchr.os)
                              /mnt/Projects/tpalit/glibc/glibc-build/elf/dl-allobjs.os (rawmemchr)
/mnt/Projects/tpalit/glibc/glibc-build/elf/rtld-libc.a(rtld-setitimer.os)
                              /mnt/Projects/tpalit/glibc/glibc-build/elf/rtld-libc.a(rtld-profil.os) (__setitimer)

Memory Configuration

Name             Origin             Length             Attributes
*default*        0x0000000000000000 0xffffffffffffffff

Linker script and memory map

START GROUP
LOAD /mnt/Projects/tpalit/glibc/glibc-build/elf/dl-allobjs.os
LOAD /mnt/Projects/tpalit/glibc/glibc-build/elf/rtld-libc.a
LOAD /usr/lib/gcc/x86_64-linux-gnu/5/libgcc.a
END GROUP

.interp
 *(.interp)

.note.gnu.build-id
 *(.note.gnu.build-id)

.hash
 *(.hash)

.gnu.hash
 *(.gnu.hash)

.dynsym
 *(.dynsym)

.dynstr
 *(.dynstr)

.gnu.version
 *(.gnu.version)

.gnu.version_d
 *(.gnu.version_d)

.gnu.version_r
 *(.gnu.version_r)

.rela.init
 *(.rela.init)

.rela.text
 *(.rela.text)

.rela.fini
 *(.rela.fini)

.rela.rodata
 *(.rela.rodata)

.rela.data.rel.ro
 *(.rela.data.rel.ro)

.rela.data
 *(.rela.data)

.rela.tdata
 *(.rela.tdata)

.rela.tbss
 *(.rela.tbss)

.rela.ctors
 *(.rela.ctors)

.rela.dtors
 *(.rela.dtors)

.rela.got
 *(.rela.got)

.rela.bss
 *(.rela.bss)

.rela.ldata
 *(.rela.ldata)

.rela.lbss
 *(.rela.lbss)

.rela.lrodata
 *(.rela.lrodata)

.rela.ifunc
 *(.rela.ifunc)

.rela.plt
 *(.rela.plt)

.init
 *(SORT(.init))

.plt
 *(.plt)
 *(.iplt)

.plt.got
 *(.plt.got)

.plt.bnd
 *(.plt.bnd)

.text           0x0000000000000000    0x1b250
 *(.text .stub)
 .text          0x0000000000000000    0x179a0 /mnt/Projects/tpalit/glibc/glibc-build/elf/dl-allobjs.os
                0x0000000000000000                _start
                0x0000000000000008                _dl_start_user
                0x0000000000000050                _dl_initial_error_catch_tsd
                0x00000000000067c0                _dl_dst_count
                0x0000000000006870                _dl_dst_substitute
                0x0000000000007180                _dl_init_paths
                0x00000000000075c0                _dl_map_object
                0x0000000000007fc0                _dl_rtld_di_serinfo
                0x0000000000008ed0                _dl_lookup_symbol_x
                0x0000000000009fa0                _dl_setup_hash
                0x000000000000a050                _dl_add_to_namespace_list
                0x000000000000a0e0                _dl_new_object
                0x000000000000a480                _dl_try_allocate_static_tls
                0x000000000000a560                _dl_allocate_static_tls
                0x000000000000a590                _dl_nothread_init_static_tls
                0x000000000000a5e0                _dl_protect_relro
                0x000000000000a640                _dl_reloc_bad_type
                0x000000000000a710                _dl_relocate_object
                0x000000000000bf00                _dl_map_object_deps
                0x000000000000d1a0                _dl_important_hwcaps
                0x000000000000d940                _dl_fixup
                0x000000000000db10                _dl_profile_fixup
                0x000000000000e110                _dl_call_pltexit
                0x000000000000e220                _dl_signal_error
                0x000000000000e3c0                _dl_signal_cerror
                0x000000000000e450                _dl_catch_error
                0x000000000000e520                _dl_receive_error
                0x000000000000e6a0                _dl_init
                0x000000000000e7d0                _dl_sort_fini
                0x000000000000ea10                _dl_fini
                0x000000000000eda0                _dl_debug_state
                0x000000000000eda0                __GI__dl_debug_state
                0x000000000000edb0                _dl_debug_initialize
                0x000000000000f420                _dl_sysdep_read_whole_file
                0x000000000000f4b0                _dl_debug_printf
                0x000000000000f560                _dl_debug_printf_c
                0x000000000000f610                _dl_dprintf
                0x000000000000f6b0                _dl_name_match_p
                0x000000000000f720                _dl_higher_prime_number
                0x000000000000fba0                _dl_check_map_versions
                0x0000000000010060                _dl_check_all_versions
                0x00000000000100d0                _dl_start_profile
                0x00000000000108b0                __GI__dl_mcount
                0x00000000000108b0                _dl_mcount
                0x0000000000010b10                _dl_resolve_conflicts
                0x0000000000010f50                _dl_next_tls_modid
                0x0000000000011050                _dl_count_modids
                0x00000000000110b0                _dl_determine_tlsoffset
                0x0000000000011280                __GI__dl_tls_setup
                0x0000000000011280                _dl_tls_setup
                0x0000000000011330                _dl_get_tls_static_info
                0x0000000000011350                _dl_allocate_tls_storage
                0x00000000000113f0                __GI__dl_allocate_tls_init
                0x00000000000113f0                _dl_allocate_tls_init
                0x0000000000011690                __GI__dl_allocate_tls
                0x0000000000011690                _dl_allocate_tls
                0x00000000000116d0                _dl_deallocate_tls
                0x00000000000116d0                __GI__dl_deallocate_tls
                0x0000000000011760                _dl_update_slotinfo
                0x0000000000011a00                __GI___tls_get_addr
                0x0000000000011a00                __tls_get_addr
                0x0000000000011a40                _dl_tls_get_addr_soft
                0x0000000000011ac0                _dl_add_to_slotinfo
                0x0000000000011ba0                _dl_get_origin
                0x0000000000011d20                _dl_scope_free
                0x0000000000011df0                _dl_make_stack_executable
                0x0000000000011df0                __GI__dl_make_stack_executable
                0x0000000000011e80                _dl_check_caller
                0x00000000000122b0                __GI__dl_find_dso_for_object
                0x00000000000122b0                _dl_find_dso_for_object
                0x00000000000123a0                _dl_open
                0x00000000000127b0                _dl_show_scope
                0x0000000000013270                _dl_addr_inside_object
                0x0000000000013420                _dl_close_worker
                0x0000000000014380                _dl_close
                0x0000000000014410                _dl_runtime_resolve_avx512
                0x0000000000014580                _dl_runtime_profile_avx512
                0x0000000000014a00                _dl_runtime_resolve_avx
                0x0000000000014b60                _dl_runtime_profile_avx
                0x0000000000014fe0                _dl_runtime_resolve_sse
                0x0000000000015110                _dl_runtime_profile_sse
                0x0000000000015310                _dl_cache_libcmp
                0x00000000000153f0                _dl_load_cache_lookup
                0x00000000000159b0                _dl_unload_cache
                0x00000000000159f0                _dl_make_tlsdesc_dynamic
                0x0000000000015cc0                _dl_tlsdesc_resolve_rela_fixup
                0x0000000000015e80                _dl_tlsdesc_resolve_hold_fixup
                0x0000000000015ec0                _dl_unmap
                0x0000000000015f40                _dl_tlsdesc_return
                0x0000000000015f50                _dl_tlsdesc_undefweak
                0x0000000000015f60                _dl_tlsdesc_dynamic
                0x0000000000016000                _dl_tlsdesc_resolve_rela
                0x0000000000016070                _dl_tlsdesc_resolve_hold
                0x00000000000160f0                __get_cpu_features
                0x0000000000016100                _dl_sysdep_start
                0x00000000000166f0                _dl_sysdep_start_cleanup
                0x0000000000016700                _dl_show_auxv
                0x00000000000168b0                _dl_discover_osversion
                0x0000000000016a80                _dl_next_ld_env_entry
                0x0000000000016ad0                unsetenv
                0x0000000000016b40                __libc_memalign
                0x0000000000016c40                malloc
                0x0000000000016c50                calloc
                0x0000000000016c90                free
                0x0000000000016cc0                __sigjmp_save
                0x0000000000016cd0                __strerror_r
                0x0000000000016db0                __GI___libc_fatal
                0x0000000000016db0                __libc_fatal
                0x0000000000016de0                __GI___chk_fail
                0x0000000000016de0                __chk_fail
                0x0000000000016df0                __GI___assert_fail
                0x0000000000016df0                __assert_fail
                0x0000000000016e40                realloc
                0x0000000000016ed0                __GI___assert_perror_fail
                0x0000000000016ed0                __assert_perror_fail
                0x0000000000016f40                __strtoul_internal
                0x0000000000017110                _itoa
                0x0000000000017160                __strsep
                0x0000000000017160                strsep
                0x0000000000017160                __strsep_g
                0x00000000000171f0                __brk
                0x00000000000171f0                brk
                0x0000000000017240                sbrk
                0x0000000000017240                __sbrk
                0x00000000000172d0                __getcwd
                0x00000000000172d0                getcwd
                0x0000000000017730                openat64
                0x00000000000177a0                __alloc_dir
                0x00000000000178a0                __opendir
                0x00000000000178a0                opendir
                0x0000000000017950                __fxstatat
                0x0000000000017950                __fxstatat64
                0x0000000000017950                __GI___fxstatat64
 .text          0x00000000000179a0       0xf2 /mnt/Projects/tpalit/glibc/glibc-build/elf/rtld-libc.a(rtld-check_fds.os)
                0x0000000000017a60                __libc_check_standard_fds
 .text          0x0000000000017a92        0x0 /mnt/Projects/tpalit/glibc/glibc-build/elf/rtld-libc.a(rtld-errno.os)
 *fill*         0x0000000000017a92        0xe 
 .text          0x0000000000017aa0       0x50 /mnt/Projects/tpalit/glibc/glibc-build/elf/rtld-libc.a(rtld-closedir.os)
                0x0000000000017aa0                __closedir
                0x0000000000017aa0                closedir
 .text          0x0000000000017af0       0x85 /mnt/Projects/tpalit/glibc/glibc-build/elf/rtld-libc.a(rtld-readdir.os)
                0x0000000000017af0                readdir
                0x0000000000017af0                __readdir64
                0x0000000000017af0                __readdir
                0x0000000000017af0                readdir64
 *fill*         0x0000000000017b75        0xb 
 .text          0x0000000000017b80       0x30 /mnt/Projects/tpalit/glibc/glibc-build/elf/rtld-libc.a(rtld-rewinddir.os)
                0x0000000000017b80                rewinddir
                0x0000000000017b80                __rewinddir
 .text          0x0000000000017bb0       0x89 /mnt/Projects/tpalit/glibc/glibc-build/elf/rtld-libc.a(rtld-getdents.os)
                0x0000000000017bb0                __getdents
                0x0000000000017bb0                __getdents64
 *fill*         0x0000000000017c39        0x7 
 .text          0x0000000000017c40       0x8e /mnt/Projects/tpalit/glibc/glibc-build/elf/rtld-libc.a(rtld-fdopendir.os)
                0x0000000000017c40                fdopendir
                0x0000000000017c40                __fdopendir
 *fill*         0x0000000000017cce        0x2 
 .text          0x0000000000017cd0      0x110 /mnt/Projects/tpalit/glibc/glibc-build/elf/rtld-libc.a(rtld-profil.os)
                0x0000000000017d20                __profil
                0x0000000000017d20                profil
 .text          0x0000000000017de0        0x7 /mnt/Projects/tpalit/glibc/glibc-build/elf/rtld-libc.a(rtld-prof-freq.os)
                0x0000000000017de0                __profile_frequency
 *fill*         0x0000000000017de7        0x9 
 .text          0x0000000000017df0       0x40 /mnt/Projects/tpalit/glibc/glibc-build/elf/rtld-libc.a(rtld-xstat.os)
                0x0000000000017df0                _xstat
                0x0000000000017df0                __xstat64
                0x0000000000017df0                __GI___xstat64
                0x0000000000017df0                __GI___xstat
                0x0000000000017df0                __xstat
 .text          0x0000000000017e30       0x40 /mnt/Projects/tpalit/glibc/glibc-build/elf/rtld-libc.a(rtld-fxstat.os)
                0x0000000000017e30                __GI___fxstat
                0x0000000000017e30                __GI___fxstat64
                0x0000000000017e30                __fxstat64
                0x0000000000017e30                _fxstat
                0x0000000000017e30                __fxstat
 .text          0x0000000000017e70       0x40 /mnt/Projects/tpalit/glibc/glibc-build/elf/rtld-libc.a(rtld-lxstat.os)
                0x0000000000017e70                __GI___lxstat
                0x0000000000017e70                _lxstat
                0x0000000000017e70                __lxstat
                0x0000000000017e70                __lxstat64
                0x0000000000017e70                __GI___lxstat64
 .text          0x0000000000017eb0       0x20 /mnt/Projects/tpalit/glibc/glibc-build/elf/rtld-libc.a(rtld-open.os)
                0x0000000000017eb0                __GI___open64
                0x0000000000017eb0                __open
                0x0000000000017eb0                __GI_open
                0x0000000000017eb0                __GI___open
                0x0000000000017eb0                __GI_open64
                0x0000000000017eb0                __libc_open
                0x0000000000017eb0                open64
                0x0000000000017eb0                __GI___libc_open
                0x0000000000017eb0                open
                0x0000000000017eb0                __open64
 .text          0x0000000000017ed0       0x20 /mnt/Projects/tpalit/glibc/glibc-build/elf/rtld-libc.a(rtld-read.os)
                0x0000000000017ed0                __read
                0x0000000000017ed0                __GI_read
                0x0000000000017ed0                __libc_read
                0x0000000000017ed0                __GI___read
                0x0000000000017ed0                read
                0x0000000000017ed0                __GI___libc_read
 .text          0x0000000000017ef0       0x20 /mnt/Projects/tpalit/glibc/glibc-build/elf/rtld-libc.a(rtld-write.os)
                0x0000000000017ef0                __write
                0x0000000000017ef0                __GI_write
                0x0000000000017ef0                write
                0x0000000000017ef0                __GI___libc_write
                0x0000000000017ef0                __GI___write
                0x0000000000017ef0                __libc_write
 .text          0x0000000000017f10       0x20 /mnt/Projects/tpalit/glibc/glibc-build/elf/rtld-libc.a(rtld-access.os)
                0x0000000000017f10                __GI_access
                0x0000000000017f10                __GI___access
                0x0000000000017f10                access
                0x0000000000017f10                __access
 .text          0x0000000000017f30       0x7e /mnt/Projects/tpalit/glibc/glibc-build/elf/rtld-libc.a(rtld-fcntl.os)
                0x0000000000017f30                __libc_fcntl
                0x0000000000017f30                __fcntl
                0x0000000000017f30                fcntl
 *fill*         0x0000000000017fae        0x2 
 .text          0x0000000000017fb0       0x20 /mnt/Projects/tpalit/glibc/glibc-build/elf/rtld-libc.a(rtld-close.os)
                0x0000000000017fb0                __GI_close
                0x0000000000017fb0                __GI___libc_close
                0x0000000000017fb0                __libc_close
                0x0000000000017fb0                __close
                0x0000000000017fb0                __GI___close
                0x0000000000017fb0                close
 .text          0x0000000000017fd0       0xae /mnt/Projects/tpalit/glibc/glibc-build/elf/rtld-libc.a(rtld-mmap.os)
                0x0000000000017fd0                __mmap
                0x0000000000017fd0                mmap
                0x0000000000017fd0                __mmap64
                0x0000000000017fd0                mmap64
 *fill*         0x000000000001807e        0x2 
 .text          0x0000000000018080       0x20 /mnt/Projects/tpalit/glibc/glibc-build/elf/rtld-libc.a(rtld-munmap.os)
                0x0000000000018080                munmap
                0x0000000000018080                __GI___munmap
                0x0000000000018080                __GI_munmap
                0x0000000000018080                __munmap
 .text          0x00000000000180a0       0x20 /mnt/Projects/tpalit/glibc/glibc-build/elf/rtld-libc.a(rtld-mprotect.os)
                0x00000000000180a0                __mprotect
                0x00000000000180a0                __GI___mprotect
                0x00000000000180a0                __GI_mprotect
                0x00000000000180a0                mprotect
 .text          0x00000000000180c0       0x20 /mnt/Projects/tpalit/glibc/glibc-build/elf/rtld-libc.a(rtld-llseek.os)
                0x00000000000180c0                __GI___lseek
                0x00000000000180c0                __GI_lseek64
                0x00000000000180c0                __llseek
                0x00000000000180c0                __GI_llseek
                0x00000000000180c0                __lseek64
                0x00000000000180c0                lseek
                0x00000000000180c0                __libc_lseek64
                0x00000000000180c0                __GI___libc_lseek64
                0x00000000000180c0                __GI___libc_lseek
                0x00000000000180c0                llseek
                0x00000000000180c0                __lseek
                0x00000000000180c0                __GI___lseek64
                0x00000000000180c0                __libc_lseek
                0x00000000000180c0                __GI___llseek
                0x00000000000180c0                __GI_lseek
                0x00000000000180c0                lseek64
 .text          0x00000000000180e0       0x20 /mnt/Projects/tpalit/glibc/glibc-build/elf/rtld-libc.a(rtld-uname.os)
                0x00000000000180e0                uname
                0x00000000000180e0                __GI_uname
                0x00000000000180e0                __uname
                0x00000000000180e0                __GI___uname
 .text          0x0000000000018100       0x4a /mnt/Projects/tpalit/glibc/glibc-build/elf/rtld-libc.a(rtld-_exit.os)
                0x0000000000018100                _Exit
                0x0000000000018100                __GI__exit
                0x0000000000018100                _exit
 *fill*         0x000000000001814a        0x6 
 .text          0x0000000000018150        0x8 /mnt/Projects/tpalit/glibc/glibc-build/elf/rtld-libc.a(rtld-getpid.os)
                0x0000000000018150                __getpid
                0x0000000000018150                getpid
 .text          0x0000000000018158        0x0 /mnt/Projects/tpalit/glibc/glibc-build/elf/rtld-libc.a(rtld-environ.os)
 *fill*         0x0000000000018158        0x8 
 .text          0x0000000000018160       0x4f /mnt/Projects/tpalit/glibc/glibc-build/elf/rtld-libc.a(rtld-setjmp.os)
                0x0000000000018160                __sigsetjmp
                0x0000000000018160                __GI___sigsetjmp
 *fill*         0x00000000000181af        0x1 
 .text          0x00000000000181b0       0x4a /mnt/Projects/tpalit/glibc/glibc-build/elf/rtld-libc.a(rtld-__longjmp.os)
                0x00000000000181b0                __longjmp
 *fill*         0x00000000000181fa        0x6 
 .text          0x0000000000018200      0x270 /mnt/Projects/tpalit/glibc/glibc-build/elf/rtld-libc.a(rtld-sigaction.os)
                0x0000000000018220                __libc_sigaction
                0x0000000000018450                sigaction
                0x0000000000018450                __sigaction
 .text          0x0000000000018470      0x21a /mnt/Projects/tpalit/glibc/glibc-build/elf/rtld-libc.a(rtld-strchr.os)
                0x0000000000018470                index
                0x0000000000018470                strchr
 *fill*         0x000000000001868a        0x6 
 .text          0x0000000000018690     0x1439 /mnt/Projects/tpalit/glibc/glibc-build/elf/rtld-libc.a(rtld-strcmp.os)
                0x0000000000018690                strcmp
 *fill*         0x0000000000019ac9        0x7 
 .text          0x0000000000019ad0       0x41 /mnt/Projects/tpalit/glibc/glibc-build/elf/rtld-libc.a(rtld-strdup.os)
                0x0000000000019ad0                __strdup
                0x0000000000019ad0                strdup
 *fill*         0x0000000000019b11        0xf 
 .text          0x0000000000019b20      0x19c /mnt/Projects/tpalit/glibc/glibc-build/elf/rtld-libc.a(rtld-strlen.os)
                0x0000000000019b20                strlen
 *fill*         0x0000000000019cbc        0x4 
 .text          0x0000000000019cc0      0x218 /mnt/Projects/tpalit/glibc/glibc-build/elf/rtld-libc.a(rtld-strnlen.os)
                0x0000000000019cc0                __strnlen
                0x0000000000019cc0                strnlen
 *fill*         0x0000000000019ed8        0x8 
 .text          0x0000000000019ee0      0x344 /mnt/Projects/tpalit/glibc/glibc-build/elf/rtld-libc.a(rtld-memchr.os)
                0x0000000000019ee0                memchr
                0x0000000000019ee0                __memchr
 *fill*         0x000000000001a224        0xc 
 .text          0x000000000001a230      0x400 /mnt/Projects/tpalit/glibc/glibc-build/elf/rtld-libc.a(rtld-memcmp.os)
                0x000000000001a230                bcmp
                0x000000000001a230                memcmp
 .text          0x000000000001a630      0x15a /mnt/Projects/tpalit/glibc/glibc-build/elf/rtld-libc.a(rtld-memmove.os)
                0x000000000001a630                memmove
 *fill*         0x000000000001a78a        0x6 
 .text          0x000000000001a790       0xe3 /mnt/Projects/tpalit/glibc/glibc-build/elf/rtld-libc.a(rtld-memset.os)
                0x000000000001a790                memset
 *fill*         0x000000000001a873        0xd 
 .text          0x000000000001a880       0xdc /mnt/Projects/tpalit/glibc/glibc-build/elf/rtld-libc.a(rtld-stpcpy.os)
                0x000000000001a880                stpcpy
                0x000000000001a880                __stpcpy
 *fill*         0x000000000001a95c        0x4 
 .text          0x000000000001a960      0x160 /mnt/Projects/tpalit/glibc/glibc-build/elf/rtld-libc.a(rtld-memcpy.os)
                0x000000000001a960                memcpy
 .text          0x000000000001aac0      0x556 /mnt/Projects/tpalit/glibc/glibc-build/elf/rtld-libc.a(rtld-wordcopy.os)
                0x000000000001aac0                _wordcopy_fwd_aligned
                0x000000000001ac00                _wordcopy_fwd_dest_aligned
                0x000000000001ad30                _wordcopy_bwd_aligned
                0x000000000001aec0                _wordcopy_bwd_dest_aligned
 *fill*         0x000000000001b016        0xa 
 .text          0x000000000001b020      0x204 /mnt/Projects/tpalit/glibc/glibc-build/elf/rtld-libc.a(rtld-rawmemchr.os)
                0x000000000001b020                __rawmemchr
                0x000000000001b020                rawmemchr
 *fill*         0x000000000001b224        0xc 
 .text          0x000000000001b230       0x20 /mnt/Projects/tpalit/glibc/glibc-build/elf/rtld-libc.a(rtld-setitimer.os)
                0x000000000001b230                setitimer
                0x000000000001b230                __setitimer
                0x000000000001b230                __GI_setitimer
                0x000000000001b230                __GI___setitimer
 *(.gnu.warning)

.text.unlikely  0x0000000000000000      0x1f3
 .text.unlikely
                0x0000000000000000      0x1f3 /mnt/Projects/tpalit/glibc/glibc-build/elf/dl-allobjs.os
 .text.unlikely
                0x00000000000001f3        0x0 /mnt/Projects/tpalit/glibc/glibc-build/elf/rtld-libc.a(rtld-check_fds.os)
 .text.unlikely
                0x00000000000001f3        0x0 /mnt/Projects/tpalit/glibc/glibc-build/elf/rtld-libc.a(rtld-closedir.os)
 .text.unlikely
                0x00000000000001f3        0x0 /mnt/Projects/tpalit/glibc/glibc-build/elf/rtld-libc.a(rtld-readdir.os)
 .text.unlikely
                0x00000000000001f3        0x0 /mnt/Projects/tpalit/glibc/glibc-build/elf/rtld-libc.a(rtld-rewinddir.os)
 .text.unlikely
                0x00000000000001f3        0x0 /mnt/Projects/tpalit/glibc/glibc-build/elf/rtld-libc.a(rtld-getdents.os)
 .text.unlikely
                0x00000000000001f3        0x0 /mnt/Projects/tpalit/glibc/glibc-build/elf/rtld-libc.a(rtld-fdopendir.os)
 .text.unlikely
                0x00000000000001f3        0x0 /mnt/Projects/tpalit/glibc/glibc-build/elf/rtld-libc.a(rtld-profil.os)
 .text.unlikely
                0x00000000000001f3        0x0 /mnt/Projects/tpalit/glibc/glibc-build/elf/rtld-libc.a(rtld-prof-freq.os)
 .text.unlikely
                0x00000000000001f3        0x0 /mnt/Projects/tpalit/glibc/glibc-build/elf/rtld-libc.a(rtld-xstat.os)
 .text.unlikely
                0x00000000000001f3        0x0 /mnt/Projects/tpalit/glibc/glibc-build/elf/rtld-libc.a(rtld-fxstat.os)
 .text.unlikely
                0x00000000000001f3        0x0 /mnt/Projects/tpalit/glibc/glibc-build/elf/rtld-libc.a(rtld-lxstat.os)
 .text.unlikely
                0x00000000000001f3        0x0 /mnt/Projects/tpalit/glibc/glibc-build/elf/rtld-libc.a(rtld-fcntl.os)
 .text.unlikely
                0x00000000000001f3        0x0 /mnt/Projects/tpalit/glibc/glibc-build/elf/rtld-libc.a(rtld-mmap.os)
 .text.unlikely
                0x00000000000001f3        0x0 /mnt/Projects/tpalit/glibc/glibc-build/elf/rtld-libc.a(rtld-_exit.os)
 .text.unlikely
                0x00000000000001f3        0x0 /mnt/Projects/tpalit/glibc/glibc-build/elf/rtld-libc.a(rtld-getpid.os)
 .text.unlikely
                0x00000000000001f3        0x0 /mnt/Projects/tpalit/glibc/glibc-build/elf/rtld-libc.a(rtld-sigaction.os)
 .text.unlikely
                0x00000000000001f3        0x0 /mnt/Projects/tpalit/glibc/glibc-build/elf/rtld-libc.a(rtld-strdup.os)
 .text.unlikely
                0x00000000000001f3        0x0 /mnt/Projects/tpalit/glibc/glibc-build/elf/rtld-libc.a(rtld-memmove.os)
 .text.unlikely
                0x00000000000001f3        0x0 /mnt/Projects/tpalit/glibc/glibc-build/elf/rtld-libc.a(rtld-wordcopy.os)

.fini
 *(SORT(.fini))

.rodata         0x0000000000000000      0xcf0
 *(.rodata)
 .rodata        0x0000000000000000      0xc70 /mnt/Projects/tpalit/glibc/glibc-build/elf/dl-allobjs.os
                0x0000000000000c60                __GI__itoa_lower_digits
                0x0000000000000c60                _itoa_lower_digits
 .rodata        0x0000000000000c70       0x40 /mnt/Projects/tpalit/glibc/glibc-build/elf/rtld-libc.a(rtld-strcmp.os)
 .rodata        0x0000000000000cb0       0x40 /mnt/Projects/tpalit/glibc/glibc-build/elf/rtld-libc.a(rtld-wordcopy.os)

.rodata.str1.1  0x0000000000000000      0xf44
 .rodata.str1.1
                0x0000000000000000      0xf30 /mnt/Projects/tpalit/glibc/glibc-build/elf/dl-allobjs.os
 .rodata.str1.1
                0x0000000000000f30       0x14 /mnt/Projects/tpalit/glibc/glibc-build/elf/rtld-libc.a(rtld-check_fds.os)

.rodata.str1.8  0x0000000000000000     0x2349
 .rodata.str1.8
                0x0000000000000000     0x2349 /mnt/Projects/tpalit/glibc/glibc-build/elf/dl-allobjs.os

.rodata.str1.16
                0x0000000000000000      0x373
 .rodata.str1.16
                0x0000000000000000      0x373 /mnt/Projects/tpalit/glibc/glibc-build/elf/dl-allobjs.os

.rodata.cst16   0x0000000000000000       0x20
 .rodata.cst16  0x0000000000000000       0x20 /mnt/Projects/tpalit/glibc/glibc-build/elf/dl-allobjs.os

.rodata.cst4    0x0000000000000000        0x4
 .rodata.cst4   0x0000000000000000        0x4 /mnt/Projects/tpalit/glibc/glibc-build/elf/dl-allobjs.os

.rodata.str1.32
                0x0000000000000000       0x7b
 .rodata.str1.32
                0x0000000000000000       0x7b /mnt/Projects/tpalit/glibc/glibc-build/elf/dl-allobjs.os

.rodata1
 *(.rodata1)

.eh_frame_hdr
 *(.eh_frame_hdr)

.eh_frame       0x0000000000000000     0x2c48
 *(.eh_frame)
 .eh_frame      0x0000000000000000     0x21f0 /mnt/Projects/tpalit/glibc/glibc-build/elf/dl-allobjs.os
 .eh_frame      0x00000000000021f0       0x68 /mnt/Projects/tpalit/glibc/glibc-build/elf/rtld-libc.a(rtld-check_fds.os)
 .eh_frame      0x0000000000002258       0x40 /mnt/Projects/tpalit/glibc/glibc-build/elf/rtld-libc.a(rtld-closedir.os)
 .eh_frame      0x0000000000002298       0x48 /mnt/Projects/tpalit/glibc/glibc-build/elf/rtld-libc.a(rtld-readdir.os)
 .eh_frame      0x00000000000022e0       0x38 /mnt/Projects/tpalit/glibc/glibc-build/elf/rtld-libc.a(rtld-rewinddir.os)
 .eh_frame      0x0000000000002318       0x68 /mnt/Projects/tpalit/glibc/glibc-build/elf/rtld-libc.a(rtld-getdents.os)
 .eh_frame      0x0000000000002380       0x50 /mnt/Projects/tpalit/glibc/glibc-build/elf/rtld-libc.a(rtld-fdopendir.os)
 .eh_frame      0x00000000000023d0       0x50 /mnt/Projects/tpalit/glibc/glibc-build/elf/rtld-libc.a(rtld-profil.os)
                                         0x48 (size before relaxing)
 .eh_frame      0x0000000000002420       0x30 /mnt/Projects/tpalit/glibc/glibc-build/elf/rtld-libc.a(rtld-prof-freq.os)
 .eh_frame      0x0000000000002450       0x30 /mnt/Projects/tpalit/glibc/glibc-build/elf/rtld-libc.a(rtld-xstat.os)
 .eh_frame      0x0000000000002480       0x30 /mnt/Projects/tpalit/glibc/glibc-build/elf/rtld-libc.a(rtld-fxstat.os)
 .eh_frame      0x00000000000024b0       0x30 /mnt/Projects/tpalit/glibc/glibc-build/elf/rtld-libc.a(rtld-lxstat.os)
 .eh_frame      0x00000000000024e0       0x30 /mnt/Projects/tpalit/glibc/glibc-build/elf/rtld-libc.a(rtld-open.os)
 .eh_frame      0x0000000000002510       0x30 /mnt/Projects/tpalit/glibc/glibc-build/elf/rtld-libc.a(rtld-read.os)
 .eh_frame      0x0000000000002540       0x30 /mnt/Projects/tpalit/glibc/glibc-build/elf/rtld-libc.a(rtld-write.os)
 .eh_frame      0x0000000000002570       0x30 /mnt/Projects/tpalit/glibc/glibc-build/elf/rtld-libc.a(rtld-access.os)
 .eh_frame      0x00000000000025a0       0x30 /mnt/Projects/tpalit/glibc/glibc-build/elf/rtld-libc.a(rtld-fcntl.os)
 .eh_frame      0x00000000000025d0       0x30 /mnt/Projects/tpalit/glibc/glibc-build/elf/rtld-libc.a(rtld-close.os)
 .eh_frame      0x0000000000002600       0x60 /mnt/Projects/tpalit/glibc/glibc-build/elf/rtld-libc.a(rtld-mmap.os)
 .eh_frame      0x0000000000002660       0x30 /mnt/Projects/tpalit/glibc/glibc-build/elf/rtld-libc.a(rtld-munmap.os)
 .eh_frame      0x0000000000002690       0x30 /mnt/Projects/tpalit/glibc/glibc-build/elf/rtld-libc.a(rtld-mprotect.os)
 .eh_frame      0x00000000000026c0       0x30 /mnt/Projects/tpalit/glibc/glibc-build/elf/rtld-libc.a(rtld-llseek.os)
 .eh_frame      0x00000000000026f0       0x30 /mnt/Projects/tpalit/glibc/glibc-build/elf/rtld-libc.a(rtld-uname.os)
 .eh_frame      0x0000000000002720       0x30 /mnt/Projects/tpalit/glibc/glibc-build/elf/rtld-libc.a(rtld-_exit.os)
 .eh_frame      0x0000000000002750       0x30 /mnt/Projects/tpalit/glibc/glibc-build/elf/rtld-libc.a(rtld-getpid.os)
 .eh_frame      0x0000000000002780       0x30 /mnt/Projects/tpalit/glibc/glibc-build/elf/rtld-libc.a(rtld-setjmp.os)
 .eh_frame      0x00000000000027b0       0x48 /mnt/Projects/tpalit/glibc/glibc-build/elf/rtld-libc.a(rtld-__longjmp.os)
 .eh_frame      0x00000000000027f8       0xf0 /mnt/Projects/tpalit/glibc/glibc-build/elf/rtld-libc.a(rtld-sigaction.os)
                                         0xe8 (size before relaxing)
 .eh_frame      0x00000000000028e8       0x30 /mnt/Projects/tpalit/glibc/glibc-build/elf/rtld-libc.a(rtld-strchr.os)
 .eh_frame      0x0000000000002918       0x30 /mnt/Projects/tpalit/glibc/glibc-build/elf/rtld-libc.a(rtld-strcmp.os)
 .eh_frame      0x0000000000002948       0x50 /mnt/Projects/tpalit/glibc/glibc-build/elf/rtld-libc.a(rtld-strdup.os)
 .eh_frame      0x0000000000002998       0x30 /mnt/Projects/tpalit/glibc/glibc-build/elf/rtld-libc.a(rtld-strlen.os)
 .eh_frame      0x00000000000029c8       0x30 /mnt/Projects/tpalit/glibc/glibc-build/elf/rtld-libc.a(rtld-strnlen.os)
 .eh_frame      0x00000000000029f8       0x30 /mnt/Projects/tpalit/glibc/glibc-build/elf/rtld-libc.a(rtld-memchr.os)
 .eh_frame      0x0000000000002a28       0x30 /mnt/Projects/tpalit/glibc/glibc-build/elf/rtld-libc.a(rtld-memcmp.os)
 .eh_frame      0x0000000000002a58       0x68 /mnt/Projects/tpalit/glibc/glibc-build/elf/rtld-libc.a(rtld-memmove.os)
 .eh_frame      0x0000000000002ac0       0x30 /mnt/Projects/tpalit/glibc/glibc-build/elf/rtld-libc.a(rtld-memset.os)
 .eh_frame      0x0000000000002af0       0x30 /mnt/Projects/tpalit/glibc/glibc-build/elf/rtld-libc.a(rtld-stpcpy.os)
 .eh_frame      0x0000000000002b20       0x30 /mnt/Projects/tpalit/glibc/glibc-build/elf/rtld-libc.a(rtld-memcpy.os)
 .eh_frame      0x0000000000002b50       0x98 /mnt/Projects/tpalit/glibc/glibc-build/elf/rtld-libc.a(rtld-wordcopy.os)
                                         0x90 (size before relaxing)
 .eh_frame      0x0000000000002be8       0x30 /mnt/Projects/tpalit/glibc/glibc-build/elf/rtld-libc.a(rtld-rawmemchr.os)
 .eh_frame      0x0000000000002c18       0x30 /mnt/Projects/tpalit/glibc/glibc-build/elf/rtld-libc.a(rtld-setitimer.os)

.gcc_except_table
 *(.gcc_except_table .gcc_except_table.*)

.gnu_extab
 *(.gnu_extab*)

.exception_ranges
 *(.exception_ranges .exception_ranges*)

.eh_frame
 *(.eh_frame)

.gnu_extab
 *(.gnu_extab)

.gcc_except_table
 *(.gcc_except_table .gcc_except_table.*)

.exception_ranges
 *(.exception_ranges .exception_ranges*)

.tdata
 *(.tdata)

.tbss
 *(.tbss)

.preinit_array
 *(.preinit_array)

.jcr
 *(.jcr)

.dynamic
 *(.dynamic)

.got
 *(.got)
 *(.igot)

.got.plt
 *(.got.plt)
 *(.igot.plt)

.data           0x0000000000000000      0xf80
 *(.data)
 .data          0x0000000000000000      0xf80 /mnt/Projects/tpalit/glibc/glibc-build/elf/dl-allobjs.os
                0x0000000000000000                _rtld_global
                0x0000000000000000                _rtld_local
 .data          0x0000000000000f80        0x0 /mnt/Projects/tpalit/glibc/glibc-build/elf/rtld-libc.a(rtld-check_fds.os)
 .data          0x0000000000000f80        0x0 /mnt/Projects/tpalit/glibc/glibc-build/elf/rtld-libc.a(rtld-errno.os)
 .data          0x0000000000000f80        0x0 /mnt/Projects/tpalit/glibc/glibc-build/elf/rtld-libc.a(rtld-closedir.os)
 .data          0x0000000000000f80        0x0 /mnt/Projects/tpalit/glibc/glibc-build/elf/rtld-libc.a(rtld-readdir.os)
 .data          0x0000000000000f80        0x0 /mnt/Projects/tpalit/glibc/glibc-build/elf/rtld-libc.a(rtld-rewinddir.os)
 .data          0x0000000000000f80        0x0 /mnt/Projects/tpalit/glibc/glibc-build/elf/rtld-libc.a(rtld-getdents.os)
 .data          0x0000000000000f80        0x0 /mnt/Projects/tpalit/glibc/glibc-build/elf/rtld-libc.a(rtld-fdopendir.os)
 .data          0x0000000000000f80        0x0 /mnt/Projects/tpalit/glibc/glibc-build/elf/rtld-libc.a(rtld-profil.os)
 .data          0x0000000000000f80        0x0 /mnt/Projects/tpalit/glibc/glibc-build/elf/rtld-libc.a(rtld-prof-freq.os)
 .data          0x0000000000000f80        0x0 /mnt/Projects/tpalit/glibc/glibc-build/elf/rtld-libc.a(rtld-xstat.os)
 .data          0x0000000000000f80        0x0 /mnt/Projects/tpalit/glibc/glibc-build/elf/rtld-libc.a(rtld-fxstat.os)
 .data          0x0000000000000f80        0x0 /mnt/Projects/tpalit/glibc/glibc-build/elf/rtld-libc.a(rtld-lxstat.os)
 .data          0x0000000000000f80        0x0 /mnt/Projects/tpalit/glibc/glibc-build/elf/rtld-libc.a(rtld-open.os)
 .data          0x0000000000000f80        0x0 /mnt/Projects/tpalit/glibc/glibc-build/elf/rtld-libc.a(rtld-read.os)
 .data          0x0000000000000f80        0x0 /mnt/Projects/tpalit/glibc/glibc-build/elf/rtld-libc.a(rtld-write.os)
 .data          0x0000000000000f80        0x0 /mnt/Projects/tpalit/glibc/glibc-build/elf/rtld-libc.a(rtld-access.os)
 .data          0x0000000000000f80        0x0 /mnt/Projects/tpalit/glibc/glibc-build/elf/rtld-libc.a(rtld-fcntl.os)
 .data          0x0000000000000f80        0x0 /mnt/Projects/tpalit/glibc/glibc-build/elf/rtld-libc.a(rtld-close.os)
 .data          0x0000000000000f80        0x0 /mnt/Projects/tpalit/glibc/glibc-build/elf/rtld-libc.a(rtld-mmap.os)
 .data          0x0000000000000f80        0x0 /mnt/Projects/tpalit/glibc/glibc-build/elf/rtld-libc.a(rtld-munmap.os)
 .data          0x0000000000000f80        0x0 /mnt/Projects/tpalit/glibc/glibc-build/elf/rtld-libc.a(rtld-mprotect.os)
 .data          0x0000000000000f80        0x0 /mnt/Projects/tpalit/glibc/glibc-build/elf/rtld-libc.a(rtld-llseek.os)
 .data          0x0000000000000f80        0x0 /mnt/Projects/tpalit/glibc/glibc-build/elf/rtld-libc.a(rtld-uname.os)
 .data          0x0000000000000f80        0x0 /mnt/Projects/tpalit/glibc/glibc-build/elf/rtld-libc.a(rtld-_exit.os)
 .data          0x0000000000000f80        0x0 /mnt/Projects/tpalit/glibc/glibc-build/elf/rtld-libc.a(rtld-getpid.os)
 .data          0x0000000000000f80        0x0 /mnt/Projects/tpalit/glibc/glibc-build/elf/rtld-libc.a(rtld-environ.os)
 .data          0x0000000000000f80        0x0 /mnt/Projects/tpalit/glibc/glibc-build/elf/rtld-libc.a(rtld-setjmp.os)
 .data          0x0000000000000f80        0x0 /mnt/Projects/tpalit/glibc/glibc-build/elf/rtld-libc.a(rtld-__longjmp.os)
 .data          0x0000000000000f80        0x0 /mnt/Projects/tpalit/glibc/glibc-build/elf/rtld-libc.a(rtld-sigaction.os)
 .data          0x0000000000000f80        0x0 /mnt/Projects/tpalit/glibc/glibc-build/elf/rtld-libc.a(rtld-strchr.os)
 .data          0x0000000000000f80        0x0 /mnt/Projects/tpalit/glibc/glibc-build/elf/rtld-libc.a(rtld-strcmp.os)
 .data          0x0000000000000f80        0x0 /mnt/Projects/tpalit/glibc/glibc-build/elf/rtld-libc.a(rtld-strdup.os)
 .data          0x0000000000000f80        0x0 /mnt/Projects/tpalit/glibc/glibc-build/elf/rtld-libc.a(rtld-strlen.os)
 .data          0x0000000000000f80        0x0 /mnt/Projects/tpalit/glibc/glibc-build/elf/rtld-libc.a(rtld-strnlen.os)
 .data          0x0000000000000f80        0x0 /mnt/Projects/tpalit/glibc/glibc-build/elf/rtld-libc.a(rtld-memchr.os)
 .data          0x0000000000000f80        0x0 /mnt/Projects/tpalit/glibc/glibc-build/elf/rtld-libc.a(rtld-memcmp.os)
 .data          0x0000000000000f80        0x0 /mnt/Projects/tpalit/glibc/glibc-build/elf/rtld-libc.a(rtld-memmove.os)
 .data          0x0000000000000f80        0x0 /mnt/Projects/tpalit/glibc/glibc-build/elf/rtld-libc.a(rtld-memset.os)
 .data          0x0000000000000f80        0x0 /mnt/Projects/tpalit/glibc/glibc-build/elf/rtld-libc.a(rtld-stpcpy.os)
 .data          0x0000000000000f80        0x0 /mnt/Projects/tpalit/glibc/glibc-build/elf/rtld-libc.a(rtld-memcpy.os)
 .data          0x0000000000000f80        0x0 /mnt/Projects/tpalit/glibc/glibc-build/elf/rtld-libc.a(rtld-wordcopy.os)
 .data          0x0000000000000f80        0x0 /mnt/Projects/tpalit/glibc/glibc-build/elf/rtld-libc.a(rtld-rawmemchr.os)
 .data          0x0000000000000f80        0x0 /mnt/Projects/tpalit/glibc/glibc-build/elf/rtld-libc.a(rtld-setitimer.os)

.data.rel.ro    0x0000000000000000      0x2ac
 .data.rel.ro   0x0000000000000000      0x2ac /mnt/Projects/tpalit/glibc/glibc-build/elf/dl-allobjs.os
                0x00000000000000b0                __pointer_chk_guard_local
                0x00000000000000b8                _dl_skip_args
                0x00000000000000c0                __GI__dl_argv
                0x00000000000000c0                _dl_argv
                0x00000000000000c8                _dl_argc
                0x00000000000000e0                _rtld_global_ro
                0x00000000000000e0                _rtld_local_ro
                0x0000000000000290                __stack_prot
                0x0000000000000298                _dl_random
                0x00000000000002a0                __libc_stack_end
                0x00000000000002a0                __GI___libc_stack_end
                0x00000000000002a8                __GI___libc_enable_secure
                0x00000000000002a8                __libc_enable_secure

.data1
 *(.data1)

.bss            0x0000000000000000      0x148
 *(.dynbss)
 *(.bss)
 .bss           0x0000000000000000      0x120 /mnt/Projects/tpalit/glibc/glibc-build/elf/dl-allobjs.os
                0x00000000000000f8                __libc_multiple_libcs
                0x0000000000000118                __curbrk
 .bss           0x0000000000000120        0x0 /mnt/Projects/tpalit/glibc/glibc-build/elf/rtld-libc.a(rtld-check_fds.os)
 .bss           0x0000000000000120        0x0 /mnt/Projects/tpalit/glibc/glibc-build/elf/rtld-libc.a(rtld-errno.os)
 .bss           0x0000000000000120        0x0 /mnt/Projects/tpalit/glibc/glibc-build/elf/rtld-libc.a(rtld-closedir.os)
 .bss           0x0000000000000120        0x0 /mnt/Projects/tpalit/glibc/glibc-build/elf/rtld-libc.a(rtld-readdir.os)
 .bss           0x0000000000000120        0x0 /mnt/Projects/tpalit/glibc/glibc-build/elf/rtld-libc.a(rtld-rewinddir.os)
 .bss           0x0000000000000120        0x0 /mnt/Projects/tpalit/glibc/glibc-build/elf/rtld-libc.a(rtld-getdents.os)
 .bss           0x0000000000000120        0x0 /mnt/Projects/tpalit/glibc/glibc-build/elf/rtld-libc.a(rtld-fdopendir.os)
 .bss           0x0000000000000120       0x20 /mnt/Projects/tpalit/glibc/glibc-build/elf/rtld-libc.a(rtld-profil.os)
 .bss           0x0000000000000140        0x0 /mnt/Projects/tpalit/glibc/glibc-build/elf/rtld-libc.a(rtld-prof-freq.os)
 .bss           0x0000000000000140        0x0 /mnt/Projects/tpalit/glibc/glibc-build/elf/rtld-libc.a(rtld-xstat.os)
 .bss           0x0000000000000140        0x0 /mnt/Projects/tpalit/glibc/glibc-build/elf/rtld-libc.a(rtld-fxstat.os)
 .bss           0x0000000000000140        0x0 /mnt/Projects/tpalit/glibc/glibc-build/elf/rtld-libc.a(rtld-lxstat.os)
 .bss           0x0000000000000140        0x0 /mnt/Projects/tpalit/glibc/glibc-build/elf/rtld-libc.a(rtld-open.os)
 .bss           0x0000000000000140        0x0 /mnt/Projects/tpalit/glibc/glibc-build/elf/rtld-libc.a(rtld-read.os)
 .bss           0x0000000000000140        0x0 /mnt/Projects/tpalit/glibc/glibc-build/elf/rtld-libc.a(rtld-write.os)
 .bss           0x0000000000000140        0x0 /mnt/Projects/tpalit/glibc/glibc-build/elf/rtld-libc.a(rtld-access.os)
 .bss           0x0000000000000140        0x0 /mnt/Projects/tpalit/glibc/glibc-build/elf/rtld-libc.a(rtld-fcntl.os)
 .bss           0x0000000000000140        0x0 /mnt/Projects/tpalit/glibc/glibc-build/elf/rtld-libc.a(rtld-close.os)
 .bss           0x0000000000000140        0x0 /mnt/Projects/tpalit/glibc/glibc-build/elf/rtld-libc.a(rtld-mmap.os)
 .bss           0x0000000000000140        0x0 /mnt/Projects/tpalit/glibc/glibc-build/elf/rtld-libc.a(rtld-munmap.os)
 .bss           0x0000000000000140        0x0 /mnt/Projects/tpalit/glibc/glibc-build/elf/rtld-libc.a(rtld-mprotect.os)
 .bss           0x0000000000000140        0x0 /mnt/Projects/tpalit/glibc/glibc-build/elf/rtld-libc.a(rtld-llseek.os)
 .bss           0x0000000000000140        0x0 /mnt/Projects/tpalit/glibc/glibc-build/elf/rtld-libc.a(rtld-uname.os)
 .bss           0x0000000000000140        0x0 /mnt/Projects/tpalit/glibc/glibc-build/elf/rtld-libc.a(rtld-_exit.os)
 .bss           0x0000000000000140        0x0 /mnt/Projects/tpalit/glibc/glibc-build/elf/rtld-libc.a(rtld-getpid.os)
 .bss           0x0000000000000140        0x8 /mnt/Projects/tpalit/glibc/glibc-build/elf/rtld-libc.a(rtld-environ.os)
                0x0000000000000140                _environ
                0x0000000000000140                __environ
                0x0000000000000140                environ
 .bss           0x0000000000000148        0x0 /mnt/Projects/tpalit/glibc/glibc-build/elf/rtld-libc.a(rtld-setjmp.os)
 .bss           0x0000000000000148        0x0 /mnt/Projects/tpalit/glibc/glibc-build/elf/rtld-libc.a(rtld-__longjmp.os)
 .bss           0x0000000000000148        0x0 /mnt/Projects/tpalit/glibc/glibc-build/elf/rtld-libc.a(rtld-sigaction.os)
 .bss           0x0000000000000148        0x0 /mnt/Projects/tpalit/glibc/glibc-build/elf/rtld-libc.a(rtld-strchr.os)
 .bss           0x0000000000000148        0x0 /mnt/Projects/tpalit/glibc/glibc-build/elf/rtld-libc.a(rtld-strcmp.os)
 .bss           0x0000000000000148        0x0 /mnt/Projects/tpalit/glibc/glibc-build/elf/rtld-libc.a(rtld-strdup.os)
 .bss           0x0000000000000148        0x0 /mnt/Projects/tpalit/glibc/glibc-build/elf/rtld-libc.a(rtld-strlen.os)
 .bss           0x0000000000000148        0x0 /mnt/Projects/tpalit/glibc/glibc-build/elf/rtld-libc.a(rtld-strnlen.os)
 .bss           0x0000000000000148        0x0 /mnt/Projects/tpalit/glibc/glibc-build/elf/rtld-libc.a(rtld-memchr.os)
 .bss           0x0000000000000148        0x0 /mnt/Projects/tpalit/glibc/glibc-build/elf/rtld-libc.a(rtld-memcmp.os)
 .bss           0x0000000000000148        0x0 /mnt/Projects/tpalit/glibc/glibc-build/elf/rtld-libc.a(rtld-memmove.os)
 .bss           0x0000000000000148        0x0 /mnt/Projects/tpalit/glibc/glibc-build/elf/rtld-libc.a(rtld-memset.os)
 .bss           0x0000000000000148        0x0 /mnt/Projects/tpalit/glibc/glibc-build/elf/rtld-libc.a(rtld-stpcpy.os)
 .bss           0x0000000000000148        0x0 /mnt/Projects/tpalit/glibc/glibc-build/elf/rtld-libc.a(rtld-memcpy.os)
 .bss           0x0000000000000148        0x0 /mnt/Projects/tpalit/glibc/glibc-build/elf/rtld-libc.a(rtld-wordcopy.os)
 .bss           0x0000000000000148        0x0 /mnt/Projects/tpalit/glibc/glibc-build/elf/rtld-libc.a(rtld-rawmemchr.os)
 .bss           0x0000000000000148        0x0 /mnt/Projects/tpalit/glibc/glibc-build/elf/rtld-libc.a(rtld-setitimer.os)
 *(COMMON)
 COMMON         0x0000000000000148        0x0 /mnt/Projects/tpalit/glibc/glibc-build/elf/dl-allobjs.os
 COMMON         0x0000000000000148        0x0 /mnt/Projects/tpalit/glibc/glibc-build/elf/rtld-libc.a(rtld-errno.os)

.lbss
 *(.dynlbss)
 *(.lbss)
 *(LARGE_COMMON)

.lrodata
 *(.lrodata)

.ldata
 *(.ldata)

.stab
 *(.stab)

.stabstr
 *(.stabstr)

.stab.excl
 *(.stab.excl)

.stab.exclstr
 *(.stab.exclstr)

.stab.index
 *(.stab.index)

.stab.indexstr
 *(.stab.indexstr)

.comment        0x0000000000000000      0xbd0
 *(.comment)
 .comment       0x0000000000000000      0x762 /mnt/Projects/tpalit/glibc/glibc-build/elf/dl-allobjs.os
 .comment       0x0000000000000762       0x36 /mnt/Projects/tpalit/glibc/glibc-build/elf/rtld-libc.a(rtld-check_fds.os)
 .comment       0x0000000000000798       0x36 /mnt/Projects/tpalit/glibc/glibc-build/elf/rtld-libc.a(rtld-errno.os)
 .comment       0x00000000000007ce       0x36 /mnt/Projects/tpalit/glibc/glibc-build/elf/rtld-libc.a(rtld-closedir.os)
 .comment       0x0000000000000804       0x36 /mnt/Projects/tpalit/glibc/glibc-build/elf/rtld-libc.a(rtld-readdir.os)
 .comment       0x000000000000083a       0x36 /mnt/Projects/tpalit/glibc/glibc-build/elf/rtld-libc.a(rtld-rewinddir.os)
 .comment       0x0000000000000870       0x36 /mnt/Projects/tpalit/glibc/glibc-build/elf/rtld-libc.a(rtld-getdents.os)
 .comment       0x00000000000008a6       0x36 /mnt/Projects/tpalit/glibc/glibc-build/elf/rtld-libc.a(rtld-fdopendir.os)
 .comment       0x00000000000008dc       0x36 /mnt/Projects/tpalit/glibc/glibc-build/elf/rtld-libc.a(rtld-profil.os)
 .comment       0x0000000000000912       0x36 /mnt/Projects/tpalit/glibc/glibc-build/elf/rtld-libc.a(rtld-prof-freq.os)
 .comment       0x0000000000000948       0x36 /mnt/Projects/tpalit/glibc/glibc-build/elf/rtld-libc.a(rtld-xstat.os)
 .comment       0x000000000000097e       0x36 /mnt/Projects/tpalit/glibc/glibc-build/elf/rtld-libc.a(rtld-fxstat.os)
 .comment       0x00000000000009b4       0x36 /mnt/Projects/tpalit/glibc/glibc-build/elf/rtld-libc.a(rtld-lxstat.os)
 .comment       0x00000000000009ea       0x36 /mnt/Projects/tpalit/glibc/glibc-build/elf/rtld-libc.a(rtld-fcntl.os)
 .comment       0x0000000000000a20       0x36 /mnt/Projects/tpalit/glibc/glibc-build/elf/rtld-libc.a(rtld-mmap.os)
 .comment       0x0000000000000a56       0x36 /mnt/Projects/tpalit/glibc/glibc-build/elf/rtld-libc.a(rtld-_exit.os)
 .comment       0x0000000000000a8c       0x36 /mnt/Projects/tpalit/glibc/glibc-build/elf/rtld-libc.a(rtld-getpid.os)
 .comment       0x0000000000000ac2       0x36 /mnt/Projects/tpalit/glibc/glibc-build/elf/rtld-libc.a(rtld-environ.os)
 .comment       0x0000000000000af8       0x36 /mnt/Projects/tpalit/glibc/glibc-build/elf/rtld-libc.a(rtld-sigaction.os)
 .comment       0x0000000000000b2e       0x36 /mnt/Projects/tpalit/glibc/glibc-build/elf/rtld-libc.a(rtld-strdup.os)
 .comment       0x0000000000000b64       0x36 /mnt/Projects/tpalit/glibc/glibc-build/elf/rtld-libc.a(rtld-memmove.os)
 .comment       0x0000000000000b9a       0x36 /mnt/Projects/tpalit/glibc/glibc-build/elf/rtld-libc.a(rtld-wordcopy.os)

.note.GNU-stack
                0x0000000000000000        0x0
 .note.GNU-stack
                0x0000000000000000        0x0 /mnt/Projects/tpalit/glibc/glibc-build/elf/dl-allobjs.os
 .note.GNU-stack
                0x0000000000000000        0x0 /mnt/Projects/tpalit/glibc/glibc-build/elf/rtld-libc.a(rtld-check_fds.os)
 .note.GNU-stack
                0x0000000000000000        0x0 /mnt/Projects/tpalit/glibc/glibc-build/elf/rtld-libc.a(rtld-errno.os)
 .note.GNU-stack
                0x0000000000000000        0x0 /mnt/Projects/tpalit/glibc/glibc-build/elf/rtld-libc.a(rtld-closedir.os)
 .note.GNU-stack
                0x0000000000000000        0x0 /mnt/Projects/tpalit/glibc/glibc-build/elf/rtld-libc.a(rtld-readdir.os)
 .note.GNU-stack
                0x0000000000000000        0x0 /mnt/Projects/tpalit/glibc/glibc-build/elf/rtld-libc.a(rtld-rewinddir.os)
 .note.GNU-stack
                0x0000000000000000        0x0 /mnt/Projects/tpalit/glibc/glibc-build/elf/rtld-libc.a(rtld-getdents.os)
 .note.GNU-stack
                0x0000000000000000        0x0 /mnt/Projects/tpalit/glibc/glibc-build/elf/rtld-libc.a(rtld-fdopendir.os)
 .note.GNU-stack
                0x0000000000000000        0x0 /mnt/Projects/tpalit/glibc/glibc-build/elf/rtld-libc.a(rtld-profil.os)
 .note.GNU-stack
                0x0000000000000000        0x0 /mnt/Projects/tpalit/glibc/glibc-build/elf/rtld-libc.a(rtld-prof-freq.os)
 .note.GNU-stack
                0x0000000000000000        0x0 /mnt/Projects/tpalit/glibc/glibc-build/elf/rtld-libc.a(rtld-xstat.os)
 .note.GNU-stack
                0x0000000000000000        0x0 /mnt/Projects/tpalit/glibc/glibc-build/elf/rtld-libc.a(rtld-fxstat.os)
 .note.GNU-stack
                0x0000000000000000        0x0 /mnt/Projects/tpalit/glibc/glibc-build/elf/rtld-libc.a(rtld-lxstat.os)
 .note.GNU-stack
                0x0000000000000000        0x0 /mnt/Projects/tpalit/glibc/glibc-build/elf/rtld-libc.a(rtld-open.os)
 .note.GNU-stack
                0x0000000000000000        0x0 /mnt/Projects/tpalit/glibc/glibc-build/elf/rtld-libc.a(rtld-read.os)
 .note.GNU-stack
                0x0000000000000000        0x0 /mnt/Projects/tpalit/glibc/glibc-build/elf/rtld-libc.a(rtld-write.os)
 .note.GNU-stack
                0x0000000000000000        0x0 /mnt/Projects/tpalit/glibc/glibc-build/elf/rtld-libc.a(rtld-access.os)
 .note.GNU-stack
                0x0000000000000000        0x0 /mnt/Projects/tpalit/glibc/glibc-build/elf/rtld-libc.a(rtld-fcntl.os)
 .note.GNU-stack
                0x0000000000000000        0x0 /mnt/Projects/tpalit/glibc/glibc-build/elf/rtld-libc.a(rtld-close.os)
 .note.GNU-stack
                0x0000000000000000        0x0 /mnt/Projects/tpalit/glibc/glibc-build/elf/rtld-libc.a(rtld-mmap.os)
 .note.GNU-stack
                0x0000000000000000        0x0 /mnt/Projects/tpalit/glibc/glibc-build/elf/rtld-libc.a(rtld-munmap.os)
 .note.GNU-stack
                0x0000000000000000        0x0 /mnt/Projects/tpalit/glibc/glibc-build/elf/rtld-libc.a(rtld-mprotect.os)
 .note.GNU-stack
                0x0000000000000000        0x0 /mnt/Projects/tpalit/glibc/glibc-build/elf/rtld-libc.a(rtld-llseek.os)
 .note.GNU-stack
                0x0000000000000000        0x0 /mnt/Projects/tpalit/glibc/glibc-build/elf/rtld-libc.a(rtld-uname.os)
 .note.GNU-stack
                0x0000000000000000        0x0 /mnt/Projects/tpalit/glibc/glibc-build/elf/rtld-libc.a(rtld-_exit.os)
 .note.GNU-stack
                0x0000000000000000        0x0 /mnt/Projects/tpalit/glibc/glibc-build/elf/rtld-libc.a(rtld-getpid.os)
 .note.GNU-stack
                0x0000000000000000        0x0 /mnt/Projects/tpalit/glibc/glibc-build/elf/rtld-libc.a(rtld-environ.os)
 .note.GNU-stack
                0x0000000000000000        0x0 /mnt/Projects/tpalit/glibc/glibc-build/elf/rtld-libc.a(rtld-setjmp.os)
 .note.GNU-stack
                0x0000000000000000        0x0 /mnt/Projects/tpalit/glibc/glibc-build/elf/rtld-libc.a(rtld-__longjmp.os)
 .note.GNU-stack
                0x0000000000000000        0x0 /mnt/Projects/tpalit/glibc/glibc-build/elf/rtld-libc.a(rtld-sigaction.os)
 .note.GNU-stack
                0x0000000000000000        0x0 /mnt/Projects/tpalit/glibc/glibc-build/elf/rtld-libc.a(rtld-strchr.os)
 .note.GNU-stack
                0x0000000000000000        0x0 /mnt/Projects/tpalit/glibc/glibc-build/elf/rtld-libc.a(rtld-strcmp.os)
 .note.GNU-stack
                0x0000000000000000        0x0 /mnt/Projects/tpalit/glibc/glibc-build/elf/rtld-libc.a(rtld-strdup.os)
 .note.GNU-stack
                0x0000000000000000        0x0 /mnt/Projects/tpalit/glibc/glibc-build/elf/rtld-libc.a(rtld-strlen.os)
 .note.GNU-stack
                0x0000000000000000        0x0 /mnt/Projects/tpalit/glibc/glibc-build/elf/rtld-libc.a(rtld-strnlen.os)
 .note.GNU-stack
                0x0000000000000000        0x0 /mnt/Projects/tpalit/glibc/glibc-build/elf/rtld-libc.a(rtld-memchr.os)
 .note.GNU-stack
                0x0000000000000000        0x0 /mnt/Projects/tpalit/glibc/glibc-build/elf/rtld-libc.a(rtld-memcmp.os)
 .note.GNU-stack
                0x0000000000000000        0x0 /mnt/Projects/tpalit/glibc/glibc-build/elf/rtld-libc.a(rtld-memmove.os)
 .note.GNU-stack
                0x0000000000000000        0x0 /mnt/Projects/tpalit/glibc/glibc-build/elf/rtld-libc.a(rtld-memset.os)
 .note.GNU-stack
                0x0000000000000000        0x0 /mnt/Projects/tpalit/glibc/glibc-build/elf/rtld-libc.a(rtld-stpcpy.os)
 .note.GNU-stack
                0x0000000000000000        0x0 /mnt/Projects/tpalit/glibc/glibc-build/elf/rtld-libc.a(rtld-memcpy.os)
 .note.GNU-stack
                0x0000000000000000        0x0 /mnt/Projects/tpalit/glibc/glibc-build/elf/rtld-libc.a(rtld-wordcopy.os)
 .note.GNU-stack
                0x0000000000000000        0x0 /mnt/Projects/tpalit/glibc/glibc-build/elf/rtld-libc.a(rtld-rawmemchr.os)
 .note.GNU-stack
                0x0000000000000000        0x0 /mnt/Projects/tpalit/glibc/glibc-build/elf/rtld-libc.a(rtld-setitimer.os)

.debug
 *(.debug)

.line
 *(.line)

.debug_srcinfo
 *(.debug_srcinfo)

.debug_sfnames
 *(.debug_sfnames)

.debug_aranges
 *(.debug_aranges)

.debug_pubnames
 *(.debug_pubnames)

.debug_info
 *(.debug_info)

.debug_abbrev
 *(.debug_abbrev)

.debug_line
 *(.debug_line .debug_line.* .debug_line_end)

.debug_frame
 *(.debug_frame)

.debug_str
 *(.debug_str)

.debug_loc
 *(.debug_loc)

.debug_macinfo
 *(.debug_macinfo)

.debug_weaknames
 *(.debug_weaknames)

.debug_funcnames
 *(.debug_funcnames)

.debug_typenames
 *(.debug_typenames)

.debug_varnames
 *(.debug_varnames)

.debug_pubtypes
 *(.debug_pubtypes)

.debug_ranges
 *(.debug_ranges)

.debug_macro
 *(.debug_macro)

.gnu.attributes
 *(.gnu.attributes)
OUTPUT(/mnt/Projects/tpalit/glibc/glibc-build/elf/librtld.os elf64-x86-64)
